# 2025-10-06 工作記錄

## 完成的工作

### 1. 數據庫架構同步
- 成功將所有遷移文件 (001-013) 的變更同步到 `internal/database/schema.sql`
- 更新了 `internal/database/init.sql` 包含所有新功能的示例數據
- 確保數據庫架構與代碼實現完全一致

### 2. OpenAPI 文檔同步
- 檢查了 `cmd/server/main.go` 中註冊的新 handlers：
  - `billingHandler` - 計費相關 API
  - `fileHandler` - 檔案管理 API  
  - `batchHandler` - 批次通知 API
- 更新了 `api/openapi/teams-notification-api.yaml` 包含：
  - 所有新的 API 端點路徑
  - 完整的請求/響應 schema 定義
  - 計費、檔案、批次通知相關的所有 schema

### 3. 新增的 API 端點

#### 計費 API (`/api/v1/billing/`)
- `GET /usage` - 獲取使用記錄
- `GET /usage/summary` - 獲取使用摘要
- `GET /plans` - 獲取計費方案列表
- `GET /plans/{id}` - 獲取特定計費方案
- `POST /plans` - 創建計費方案
- `PUT /plans/{id}` - 更新計費方案
- `GET /company/{companyId}` - 獲取公司計費信息
- `PUT /company/{companyId}` - 更新公司計費信息
- `GET /analytics/overview` - 獲取分析概覽
- `GET /analytics/trends` - 獲取趨勢分析
- `GET /analytics/company/{companyId}` - 獲取公司分析

#### 檔案管理 API (`/api/v1/files/`)
- `POST /upload` - 上傳單個檔案
- `POST /upload/multiple` - 批量上傳檔案
- `GET /` - 列出檔案
- `GET /{id}` - 獲取檔案信息
- `GET /{id}/download` - 下載檔案
- `DELETE /{id}` - 刪除檔案
- `POST /validate` - 驗證檔案

#### 批次通知 API (`/api/v1/batch/`)
- `POST /notifications` - 發送批次通知
- `GET /notifications/{id}` - 獲取批次狀態
- `GET /notifications/{id}/results` - 獲取批次結果
- `DELETE /notifications/{id}` - 取消批次
- `GET /templates` - 列出批次模板
- `POST /templates` - 創建批次模板
- `GET /templates/{id}` - 獲取批次模板
- `PUT /templates/{id}` - 更新批次模板
- `DELETE /templates/{id}` - 刪除批次模板

### 4. 新增的 Schema 定義
- **計費相關**: `UsageRecord`, `BillingPlan`, `CompanyBilling`, `AnalyticsOverview` 等
- **檔案相關**: `FileInfo`, `UploadFileRequest`, `ValidateFileRequest` 等  
- **批次相關**: `BatchResult`, `BatchTemplate`, `BatchTarget` 等

## 技術細節

### 數據庫架構更新
- 添加了計費相關表：`billing_plans`, `company_billing`, `usage_records`
- 添加了檔案管理表：`files`
- 添加了批次通知表：`batch_notifications`, `batch_targets`, `batch_templates`
- 更新了現有表的索引和觸發器
- 添加了新的視圖：`file_summary`, `batch_summary`

### 代碼實現
- 所有新功能都遵循現有的架構模式
- 使用 repository-service-handler 分層架構
- 實現了完整的 CRUD 操作
- 添加了適當的錯誤處理和驗證

### 文檔同步
- OpenAPI 文檔現在完全反映代碼實現
- 所有新的 API 端點都有完整的 schema 定義
- 請求/響應格式與實際代碼一致

## 下一步計劃
1. 實現排程發送功能 (延遲發送、定期發送)
2. 實現 Webhook 回調機制
3. 實現分析儀表板 API
4. 實現管理員面板功能
5. 實現安全性功能 (加密、敏感資訊過濾)
6. 效能優化和快取系統

## 提交記錄
- 同步數據庫架構到 schema.sql 和 init.sql
- 同步 OpenAPI 文檔與代碼實現
- 所有變更已提交到 git
## 🐛 E2E 測試問題修復

### 問題發現
測試發現 `notification_destinations` 沒有資料，經過調查發現：

1. **根本原因**：`EnqueueWorker` 嘗試將狀態更新為 `enqueued`，但資料庫 schema 的 check constraint 只允許：`pending`, `processing`, `sent`, `failed`, `cancelled`

2. **錯誤訊息**：
   ```
   EnqueueWorker: update status failed: pq: new row for relation "notification_destinations" 
   violates check constraint "notification_destinations_status_check"
   ```

### 解決方案
修改 `internal/actor/enqueue_worker.go`：
- 將狀態從 `enqueued` 改為 `processing`
- 更新相關註釋以反映變更

### 測試驗證
```bash
# 發送測試訊息
curl -X POST http://localhost:8080/api/v1/external/notify \
  -H "Content-Type: application/json" \
  -d '{
    "notify_key":"5984f00fe2c5007ea0edb4e9b6269a4abf304e71070ee05ef05575bfacda5e38",
    "message_type":"text",
    "message":"✅ E2E Test - Fixed status constraint issue",
    "priority":"high"
  }'

# 結果：
# ✅ notification_destinations 成功創建（status=processing）
# ✅ EnqueueWorker 成功 enqueue 到 Redis（無錯誤）
# ✅ QueueConsumer 成功 dequeue 並 spawn actors
# ✅ Actors 成功發送到 Teams（status=sent）
# ✅ Redis 佇列已清空（high:0, normal:0, low:0）
```

### 修改文件
- `internal/actor/enqueue_worker.go`：
  - L18: 註釋更新 `pending -> processing`
  - L76: 狀態更新從 `"enqueued"` 改為 `"processing"`


## 📦 Golden Sample 數據添加

### 需求
用戶要求將測試用的 destination 數據添加到 `init.sql`，作為未來開發的 golden sample。

### 實現內容

#### 1. Bot Installations (3 種類型)
```sql
-- Golden Sample 1: Personal conversation
ID: a60e8400-e29b-41d4-a716-446655440001
Conversation: a:12mhoHc_sRnffmXHY2H5EvR6MyvmkXiLI5pQ54k3o04gnTMip5k5XPJfrVzA0f8j0mt27QzqCW-Dn5EmRXZa14ckeenzWBArx_V0biX160RcnYMeg5rRzJ6isYrYx-TZR

-- Golden Sample 2: Group chat
ID: a60e8400-e29b-41d4-a716-446655440002
Conversation: 19:f26a8d8a235f430db87a404491cd2ffc@thread.v2

-- Golden Sample 3: Channel
ID: a60e8400-e29b-41d4-a716-446655440003
Conversation: 19:lg5lz80dPDcE8OtOolOHKsNZYIZI0IslJnnGDBV2H5A1@thread.tacv2
```

#### 2. Destination (All Bot Installations)
```sql
ID: 950e8400-e29b-41d4-a716-446655440003
名稱: 'All Bot Installations'
描述: 'Golden sample - sends to all active bot installations (personal, group chat, and channel)'
Targets: 包含所有 3 種類型的 conversation_id
```

### 使用方式
```bash
# 重置數據庫後會自動包含這些 golden samples
./scripts/database/reset_database.sh

# 使用 golden sample 發送測試訊息
curl -X POST http://localhost:8080/api/v1/external/notify \
  -H "Content-Type: application/json" \
  -d '{
    "notify_key":"cfh-alert-gogo",
    "message":"測試訊息",
    "priority":"normal",
    "target_ids":["950e8400-e29b-41d4-a716-446655440003"]
  }'
```

### 測試結果
✅ 成功添加到 init.sql
✅ SQL 語法正確
✅ 測試發送成功（3 個 targets 都收到訊息）
✅ 所有 notification_destinations 狀態為 sent

## 🔧 Go 依賴更新

### Viper 配置管理套件
- 安裝 `github.com/spf13/viper v1.21.0`
- 修復 `internal/config/config.go` 的 import 錯誤
- 更新 `go.mod` 和 `go.sum`

### 相關依賴
- `github.com/spf13/afero v1.15.0`
- `github.com/spf13/cast v1.10.0`
- `github.com/spf13/pflag v1.0.10`
- 其他相關依賴套件

## 📝 今日提交摘要

### Commit 4: `d0b09c0`
**主題**: `feat: 添加 Golden Sample - 完整的 Bot Installations 和 Destination`
- ✅ 3 個 bot installations (personal, group chat, channel)
- ✅ 1 個 destination 包含所有 targets
- ✅ Go 依賴更新（viper）
- **3 個文件變更，23 行新增，12 行刪除**

