# 2025年10月7日 工作記錄

## 日期
2025年10月7日 (星期二)

## 主要工作內容

### 1. 移除 BatchService 相關功能
- **問題**: BatchService 功能複雜度過高，不符合當前系統的簡化需求
- **解決方案**: 完全移除 BatchService 相關代碼和文件

#### 移除的文件
- `internal/api/handlers/batch/handler.go` - Batch handler
- `internal/api/repositories/batch_repository.go` - Batch repository  
- `internal/api/services/batch_service.go` - Batch service

#### 代碼清理
- 從 `cmd/server/main.go` 中移除 batch 相關代碼
- 移除 batch handler 註冊
- 清理測試文件中的 batch 相關測試
- 從 `internal/database/models.go` 中移除 BatchNotification、BatchTarget、BatchTemplate 結構體

#### 文檔更新
- 從 OpenAPI 文檔中移除所有 batch 端點和 schema 定義
- 更新文檔描述，移除 batch notification 提及
- 移除 batch 相關的 API 端點：
  - `/api/v1/batch/notifications`
  - `/api/v1/batch/notifications/{id}`
  - `/api/v1/batch/notifications/{id}/results`
  - `/api/v1/batch/templates`
  - `/api/v1/batch/templates/{id}`

#### 數據庫清理
- 從 `internal/database/schema.sql` 中移除：
  - `batch_notifications` 表
  - `batch_targets` 表
  - `batch_templates` 表
  - 相關索引和觸發器
  - `batch_summary` 視圖
- 從 `internal/database/init.sql` 中移除：
  - batch 相關的示例數據
  - batch 相關的索引創建語句
  - 更新 billing plans 的 features，移除 batch 功能

### 2. 系統簡化
- **目標**: 簡化系統架構，專注於核心通知功能
- **結果**: 系統更加簡潔，維護成本降低

## 技術細節

### 移除的 API 端點
```yaml
# 移除的端點
/api/v1/batch/notifications:
  - POST: 發送批次通知
  - GET: 獲取批次狀態
  - DELETE: 取消批次

/api/v1/batch/notifications/{id}/results:
  - GET: 獲取批次結果

/api/v1/batch/templates:
  - GET: 列出批次模板
  - POST: 創建批次模板

/api/v1/batch/templates/{id}:
  - GET: 獲取批次模板
  - PUT: 更新批次模板
  - DELETE: 刪除批次模板
```

### 移除的數據庫表
```sql
-- 移除的表
DROP TABLE IF EXISTS batch_notifications;
DROP TABLE IF EXISTS batch_targets;
DROP TABLE IF EXISTS batch_templates;

-- 移除的視圖
DROP VIEW IF EXISTS batch_summary;
```

### 移除的數據庫模型
```go
// 移除的結構體
type BatchNotification struct { ... }
type BatchTarget struct { ... }
type BatchTemplate struct { ... }
```

## 提交記錄

### 主要提交
```
413ec69 refactor: 移除 BatchService 相關功能
- 11 個文件變更
- 4 行新增
- 1,982 行刪除
- 3 個文件刪除
```

### 提交統計
- **文件變更**: 11 個
- **新增行數**: 4 行
- **刪除行數**: 1,982 行
- **刪除文件**: 3 個

## 系統狀態

### 編譯狀態
- ✅ 編譯成功，無錯誤
- ✅ 所有測試通過
- ✅ 代碼清理完成

### 功能狀態
- ✅ 核心通知功能保持完整
- ✅ Actor Pool 系統正常運作
- ✅ 批次通知可通過現有系統實現

## 後續計劃

### 短期目標
1. 繼續優化核心通知功能
2. 完善 Actor Pool 系統
3. 提升系統性能和穩定性

### 長期目標
1. 如果需要批次功能，可以通過現有的通知系統和 Actor Pool 來實現
2. 專注於系統的簡化和維護性
3. 持續改進用戶體驗

## 技術決策

### 移除 BatchService 的原因
1. **複雜度過高**: BatchService 引入了額外的複雜性
2. **維護成本**: 需要維護額外的代碼和數據庫表
3. **功能重複**: 批次通知可以通過現有的通知系統實現
4. **系統簡化**: 專注於核心功能，提升系統穩定性

### 替代方案
- 使用現有的通知系統發送多個通知
- 利用 Actor Pool 的並發處理能力
- 通過 Redis 隊列管理大量通知

## 總結

今天的重點工作是移除 BatchService 相關功能，簡化系統架構。通過移除不必要的複雜功能，系統變得更加簡潔和易於維護。雖然移除了批次通知的專門功能，但核心的通知功能保持完整，可以通過現有的系統來實現類似的需求。

系統現在專注於核心的通知功能，架構更加清晰，維護成本降低，為後續的功能開發奠定了良好的基礎。

## 後續更新 - Tue Oct  7 11:43:58 CST 2025

### 用戶反饋
- 用戶要求使用 append 模式寫入 log 記錄
- 修改 log 記錄方式，從覆蓋改為追加模式

### 技術改進
- 採用 append 模式記錄後續工作內容
- 保持 log 文件的連續性和完整性
- 便於追蹤工作進度和變更歷史

### 記錄方式變更
- 從覆蓋模式改為追加模式
- 每次更新都會保留之前的記錄
- 便於查看完整的工作歷史


## 架構改進分析 - Tue Oct  7 12:03:10 CST 2025

### 當前問題
1. **雙重數據源**: ActorPool 從 DB 拉取，QueueConsumer 從 Redis 拉取
2. **架構不一致**: Producer/Consumer 模式不完整
3. **性能問題**: DB 查詢比 Redis 慢

### 理想架構


### 改進方案
1. **移除 ActorPool 的 DB 查詢**
2. **完全依賴 Redis Queue**
3. **統一數據流**: Redis → QueueConsumer → ActorPool

### 技術實現
- 修改 ActorPool 不再直接查詢 DB
- 依賴 QueueConsumer 提供任務
- 實現純 Redis 驅動的架構

## 架構改進分析 - $(date)

### 當前問題
1. **雙重數據源**: ActorPool 從 DB 拉取，QueueConsumer 從 Redis 拉取
2. **架構不一致**: Producer/Consumer 模式不完整
3. **性能問題**: DB 查詢比 Redis 慢

### 理想架構
```
API Request → DB + Redis Queue → QueueConsumer → ActorPool
```

### 改進方案
1. **移除 ActorPool 的 DB 查詢**
2. **完全依賴 Redis Queue**
3. **統一數據流**: Redis → QueueConsumer → ActorPool

### 技術實現
- 修改 ActorPool 不再直接查詢 DB
- 依賴 QueueConsumer 提供任務
- 實現純 Redis 驅動的架構

## Redis 驅動架構實作完成 - $(date)

### 實作內容
1. **重構 ActorPool**
   - 移除 DB 輪詢邏輯 (pollAndSpawnActors)
   - 移除 pollInterval 和 workerTicker 字段
   - 新增 SpawnActor 方法供 QueueConsumer 調用
   - 簡化構造函數，移除 pollInterval 參數

2. **更新 QueueConsumer**
   - 修改接口從 spawnActor 改為 SpawnActor
   - 確保 QueueConsumer 是唯一的任務來源
   - 添加註釋說明架構變更

3. **更新 main.go**
   - 移除 ActorPool 構造函數中的 pollInterval 參數
   - 更新註釋說明不再輪詢

### 架構改進
- **之前**: ActorPool 從 DB 拉取 + QueueConsumer 從 Redis 拉取 (雙重數據源)
- **現在**: 只有 QueueConsumer 從 Redis 拉取，ActorPool 被動接收任務

### 性能提升
- ✅ 移除 DB 查詢，提升性能
- ✅ 統一使用 Redis，降低延遲
- ✅ 減少數據庫負載
- ✅ 架構更清晰，職責分離

### 編譯狀態
- ✅ 編譯成功，無錯誤
- ✅ 所有依賴正確
- ✅ 接口對齊完成

### 架構流程
```
API Request → DB + Redis Queue → QueueConsumer → ActorPool.SpawnActor
```

現在是純 Redis 驅動的架構！

## Unit Test 修正完成 - $(date)

### 修正內容
1. **QueueConsumer 測試修正**
   - 更新 mockPool 接口從 spawnActor 改為 SpawnActor
   - 確保測試與新的架構兼容

2. **Redis Queue 測試優化**
   - 添加 Redis 連接檢查
   - 優化超時處理
   - 添加清理邏輯

3. **文檔更新**
   - 更新 queue-system.md 中的方法名
   - 從 spawnActor 改為 SpawnActor

### 測試結果
- ✅ TestQueueConsumer_Basic: PASS
- ✅ 所有服務測試: PASS
- ✅ TokenManager 測試: PASS
- ⚠️ Redis 測試需要 Redis 服務運行

### 架構驗證
- ✅ 接口對齊完成
- ✅ 方法名統一
- ✅ 測試覆蓋率保持
- ✅ 編譯無錯誤

### 技術改進
- 統一使用 SpawnActor 方法
- 移除舊的 spawnActor 引用
- 確保測試與新架構兼容
- 優化測試超時處理

Unit test 修正完成，所有測試與新的 Redis 驅動架構兼容！

## 重構 ActorPool 和 QueueConsumer - $(date)

### 問題分析
1. **ActorPool.Start() 無用功能**
   - 只是打印日誌，沒有實際功能
   - 簡化為初始化方法

2. **QueueConsumer 嚴重問題**
   - 當 Actor Pool 滿時，任務會丟失
   - DequeueBlocking 繼續拉取，但 SpawnActor 直接返回
   - 導致數據丟失問題

### 重構內容

#### **1. ActorPool 重構**
- ✅ 簡化 `Start()` 方法，移除無用功能
- ✅ `SpawnActor()` 返回 `bool` 表示是否成功
- ✅ 當 pool 滿時返回 `false`，避免任務丟失

#### **2. QueueConsumer 重構**
- ✅ 更新接口：`SpawnActor(ctx, id) bool`
- ✅ 添加重排隊邏輯：pool 滿時重新入隊
- ✅ 防止數據丟失：任務不會丟失

#### **3. RedisQueue 擴展**
- ✅ 添加 `Requeue()` 方法
- ✅ 清理 processing 鍵
- ✅ 重新入隊到 normal 優先級

### 技術改進

#### **之前架構問題**
```
QueueConsumer → DequeueBlocking → SpawnActor (可能失敗)
                ↓
            任務丟失 ❌
```

#### **現在架構解決**
```
QueueConsumer → DequeueBlocking → SpawnActor (返回成功/失敗)
                ↓                    ↓
            成功處理 ✅        失敗時重新入隊 ✅
```

### 關鍵改進
1. **數據安全**: 任務不會丟失
2. **重排隊機制**: pool 滿時自動重新入隊
3. **接口優化**: 返回狀態信息
4. **測試兼容**: 更新測試以反映新接口

### 編譯和測試
- ✅ 編譯成功，無錯誤
- ✅ 測試通過
- ✅ 接口對齊完成

重構完成！解決了任務丟失問題，提升了系統可靠性！

## 重新設計 QueueConsumer 架構 - $(date)

### 問題分析
1. **重排隊問題**: 高優先級任務被降級
2. **429 錯誤處理**: Teams API 需要分鐘級等待
3. **多節點競爭**: 需要確保唯一消費
4. **隊列堵塞**: 大量任務時重要訊息被卡住

### 新設計方案

#### **1. 容量檢查機制**
```go
// 在 dequeue 前檢查容量
if !c.pool.HasCapacity() {
    // 等待而不是 dequeue，避免任務丟失
    time.Sleep(1 * time.Second)
    continue
}
```

#### **2. 雙重檢查保護**
```go
// 檢查容量後再次確認
success := c.pool.SpawnActor(ctx, ndID)
if !success {
    // 重新入隊到高優先級隊列前端
    c.queue.RequeueToFront(ctx, ndID)
}
```

#### **3. 優先級保護**
- ✅ `RequeueToFront()`: 重新入隊到高優先級隊列前端
- ✅ `LPUSH`: 使用 LPUSH 將任務放到隊列前端
- ✅ 保持原始優先級，不降級

### 技術改進

#### **之前問題**
```
QueueConsumer → DequeueBlocking → SpawnActor (可能失敗)
                ↓
            重新入隊到 normal 優先級 ❌
            高優先級任務被降級 ❌
```

#### **現在解決**
```
QueueConsumer → HasCapacity() → DequeueBlocking → SpawnActor
                ↓                    ↓
            等待而不是 dequeue ✅    失敗時重新入隊到前端 ✅
```

### 關鍵特性

#### **1. 容量感知**
- ✅ 在 dequeue 前檢查容量
- ✅ 避免拉取無法處理的任務
- ✅ 減少不必要的重新入隊

#### **2. 優先級保護**
- ✅ 重新入隊到高優先級隊列前端
- ✅ 使用 LPUSH 保持優先級
- ✅ 重要訊息不會被卡住

#### **3. 多節點安全**
- ✅ SETNX 防止重複處理
- ✅ processing 鍵確保唯一消費
- ✅ 競爭條件保護

#### **4. 429 錯誤處理**
- ✅ Actor 可以長時間阻塞
- ✅ 不影響其他任務處理
- ✅ 隊列不會堵塞

### 架構優勢
- ✅ **防止任務丟失**: 容量檢查機制
- ✅ **優先級保護**: 重新入隊到前端
- ✅ **多節點安全**: SETNX 唯一消費
- ✅ **429 處理**: 長時間阻塞不影響隊列
- ✅ **性能優化**: 減少不必要的重新入隊

### 編譯和測試
- ✅ 編譯成功，無錯誤
- ✅ 測試通過
- ✅ 接口對齊完成

新架構解決了所有關鍵問題，確保高優先級任務不會被卡住！

## 簡化初始化 - 統一模組管理 - $(date)

### 問題分析
- ActorPool 和 QueueConsumer 是同一個模組
- 初始化代碼重複且分散
- 可以統一管理，簡化代碼

### 解決方案

#### **1. 創建 NotificationProcessor**
```go
type NotificationProcessor struct {
    pool     *ActorPool
    consumer *QueueConsumer
}
```

#### **2. 統一初始化**
```go
// 之前 - 分散初始化
actorDB := actor.NewActorDB(...)
tokenManagerAdapter := services.NewTokenManagerAdapter(tokenManager)
actorPool := actor.NewActorPool(redisClient, actorDB, tokenManagerAdapter, 10)
consumer := actor.NewQueueConsumer(redisQueue, actorPool)
actorPool.Start(ctx)
consumer.Start(ctx)

// 現在 - 統一初始化
notificationProcessor := actor.NewNotificationProcessor(
    redisClient,
    redisQueue,
    actor.NewActorDB(...),
    services.NewTokenManagerAdapter(tokenManager),
    10,
)
notificationProcessor.Start(ctx)
```

### 技術改進

#### **1. 代碼簡化**
- ✅ 從 12 行代碼簡化為 8 行
- ✅ 統一管理 ActorPool 和 QueueConsumer
- ✅ 單一入口點，更清晰的架構

#### **2. 職責統一**
- ✅ 同一個模組統一管理
- ✅ 統一的啟動和停止邏輯
- ✅ 統一的狀態管理

#### **3. 維護性提升**
- ✅ 減少重複代碼
- ✅ 更清晰的模組邊界
- ✅ 更容易測試和維護

### 架構優勢

#### **之前架構**
```
main.go → ActorPool (分散)
main.go → QueueConsumer (分散)
```

#### **現在架構**
```
main.go → NotificationProcessor (統一)
         ├── ActorPool
         └── QueueConsumer
```

### 關鍵改進
- ✅ **代碼簡化**: 減少 33% 的初始化代碼
- ✅ **模組統一**: 同一個模組統一管理
- ✅ **職責清晰**: 單一入口點
- ✅ **維護性**: 更容易測試和維護

### 編譯和測試
- ✅ 編譯成功，無錯誤
- ✅ 功能完全一致
- ✅ 接口保持兼容

初始化代碼更簡潔，模組管理更統一！

## 增強通知狀態管理和重試機制 - $(date)

### 問題分析
1. **Enqueue 失敗會丟失 notification**: 沒有狀態追蹤
2. **需要 Enqueued 狀態**: 區分 pending 和 enqueued
3. **需要定期掃描**: 處理 pending 狀態的重試
4. **狀態應該用 enum**: 而不是字串，更安全

### 解決方案

#### **1. 添加 NotificationStatus Enum**
```go
type NotificationStatus string

const (
    NotificationStatusPending   NotificationStatus = "pending"
    NotificationStatusEnqueued   NotificationStatus = "enqueued"
    NotificationStatusSent      NotificationStatus = "sent"
    NotificationStatusFailed    NotificationStatus = "failed"
    NotificationStatusCancelled NotificationStatus = "cancelled"
)
```

#### **2. 增強 Enqueue 狀態追蹤**
```go
// 成功時更新為 enqueued
if err := s.redisQueue.Enqueue(ctx, nd.ID, prio); err != nil {
    // 失敗時更新為 failed
    s.repo.UpdateStatus(ctx, notification.ID, database.NotificationStatusFailed, err.Error())
} else {
    // 成功時更新為 enqueued
    s.repo.UpdateStatus(ctx, notification.ID, database.NotificationStatusEnqueued, "")
}
```

#### **3. 創建 NotificationScanner**
```go
type NotificationScanner struct {
    notificationRepo NotificationRepository
    redisQueue       RedisQueue
    scanInterval     time.Duration
}
```

#### **4. 統一管理 NotificationProcessor**
```go
type NotificationProcessor struct {
    pool     *ActorPool
    consumer *QueueConsumer
    scanner  *NotificationScanner  // 新增
}
```

### 技術改進

#### **1. 狀態管理**
- ✅ **Enum 類型**: 更安全的狀態管理
- ✅ **狀態追蹤**: pending → enqueued → sent/failed
- ✅ **錯誤記錄**: 失敗時記錄錯誤信息

#### **2. 重試機制**
- ✅ **定期掃描**: 30 秒間隔掃描 pending 狀態
- ✅ **自動重試**: 自動處理失敗的 enqueue
- ✅ **批量處理**: 每次最多處理 100 個通知

#### **3. 架構統一**
- ✅ **統一管理**: NotificationProcessor 包含所有組件
- ✅ **單一入口**: 一個組件管理所有通知處理
- ✅ **生命週期**: 統一的啟動和停止

### 關鍵功能

#### **1. 狀態流程**
```
pending → enqueued → sent
   ↓         ↓
failed ← failed
```

#### **2. 重試機制**
- 定期掃描 pending 狀態的通知
- 自動重試 enqueue 操作
- 記錄成功和失敗統計

#### **3. 錯誤處理**
- Enqueue 失敗時標記為 failed
- 記錄詳細錯誤信息
- 定期重試 pending 狀態

### 架構優勢
- ✅ **數據安全**: 不會丟失 notification
- ✅ **狀態清晰**: 明確的狀態追蹤
- ✅ **自動重試**: 處理臨時失敗
- ✅ **統一管理**: 單一組件管理所有功能

### 編譯和測試
- ✅ 編譯成功，無錯誤
- ✅ 接口對齊完成
- ✅ 類型安全提升

通知狀態管理和重試機制完成！系統更加可靠和健壯！

## 修復 Batch 迴圈和狀態邏輯問題 - $(date)

### 問題分析
1. **Batch 迴圈中的 DB Update 問題**
   - 多個 notification_destinations 對應同一個 notification
   - 每次 enqueue 都會更新同一個 notification 的狀態
   - 可能造成狀態覆蓋和競爭條件

2. **狀態邏輯問題**
   - 沒有 enqueue 成功應該保留 pending 狀態
   - 只有重試耗盡才標記為 failed

### 解決方案

#### **1. 修復 Batch 迴圈中的 DB Update**
```go
// 之前 - 每個 destination 都更新 notification 狀態
for _, nd := range nds {
    if err := s.redisQueue.Enqueue(ctx, nd.ID, prio); err != nil {
        s.repo.UpdateStatus(ctx, notification.ID, database.NotificationStatusFailed, err.Error())
    } else {
        s.repo.UpdateStatus(ctx, notification.ID, database.NotificationStatusEnqueued, "")
    }
}

// 現在 - 統計整體結果後更新一次
successCount := 0
failureCount := 0

for _, nd := range nds {
    if err := s.redisQueue.Enqueue(ctx, nd.ID, prio); err != nil {
        failureCount++
    } else {
        successCount++
    }
}

// 根據整體結果更新狀態
if failureCount == 0 {
    // 全部成功 -> enqueued
} else if successCount == 0 {
    // 全部失敗 -> 保持 pending
} else {
    // 部分成功 -> enqueued
}
```

#### **2. 修復狀態邏輯**
- ✅ **全部成功**: 更新為 `enqueued`
- ✅ **全部失敗**: 保持 `pending` 狀態，等待重試
- ✅ **部分成功**: 更新為 `enqueued`（部分目標已入隊）

#### **3. 增強 NotificationScanner**
```go
type NotificationScanner struct {
    maxRetries int  // 新增最大重試次數
}

// 檢查重試次數
if retryCount >= ns.maxRetries {
    // 重試耗盡，標記為 failed
    ns.notificationRepo.UpdateStatus(ctx, notification.ID, database.NotificationStatusFailed, "Max retries exceeded")
}
```

### 技術改進

#### **1. 避免競爭條件**
- ✅ **單次更新**: 每個 notification 只更新一次狀態
- ✅ **整體統計**: 統計所有 destinations 的結果
- ✅ **邏輯清晰**: 根據整體結果決定狀態

#### **2. 狀態邏輯優化**
- ✅ **保留 pending**: 失敗時保持 pending 狀態
- ✅ **重試機制**: 定期掃描 pending 狀態
- ✅ **重試耗盡**: 只有重試耗盡才標記為 failed

#### **3. 重試管理**
- ✅ **最大重試**: 設置最大重試次數（5次）
- ✅ **重試追蹤**: 追蹤每個通知的重試次數
- ✅ **失敗處理**: 重試耗盡時標記為 failed

### 架構優勢

#### **1. 數據一致性**
- 避免多個 destinations 競爭更新同一個 notification
- 確保狀態更新的原子性
- 減少數據庫競爭條件

#### **2. 重試機制**
- 失敗時保持 pending 狀態，等待重試
- 只有重試耗盡才標記為 failed
- 提供完整的重試追蹤

#### **3. 狀態清晰**
- 明確的狀態轉換邏輯
- 詳細的日誌記錄
- 統計信息追蹤

### 關鍵改進
- ✅ **避免競爭**: 單次狀態更新
- ✅ **邏輯清晰**: 根據整體結果決定狀態
- ✅ **重試機制**: 完整的重試管理
- ✅ **狀態安全**: 避免狀態覆蓋

### 編譯和測試
- ✅ 編譯成功，無錯誤
- ✅ 邏輯修復完成
- ✅ 狀態管理優化

Batch 迴圈和狀態邏輯問題修復完成！系統更加穩定和可靠！

## 更新紀錄 - $(date)

- 移除 `notification_scanner.go` 並清理 Processor/Repository 相關引用（改為兩迴圈：Producer 寫 DB、EnqueueWorker 入列）。
- 新增 `GET /api/v1/queue/stats` 查詢佇列長度（high/normal/low），程式與 OpenAPI 均已同步。
- 文件更新：`docs/architecture/queue-system.md` 補充 Two-loop 設計與可調參數、佇列觀測方式。
- E2E 驗證：external/notify 建立 pending，Queue Stats 可查；在輕載下隊列可能即時被消費。
- 嘗試加入 dequeue 節流後又回滾：
  - 還原 `QueueConsumer`（移除 `sleepAfterSpawn`），`NewQueueConsumer(queue, pool)` 恢復。
  - `NotificationProcessor` 改回舊建構，重新編譯通過。


## 配置統一與文件同步 - $(date)

- 新增 Viper 設定載入與驗證（internal/config/config.go），支援 TN_ 前綴與預設值。
- main 切換為使用 config；DB/Redis 連線與 logger 等級/格式讀自 config。
- 擴充 OpenAPI：/config 與 /config/validate 增加範例回應。
- 更新 docs：補充 TN_ 前綴、/config 與 /config/validate 使用方式。
