{"level":"info","msg":"Successfully connected to database!","time":"2025-09-14T19:34:35+08:00"}
[GIN-debug] [WARNING] Running in "debug" mode. Switch to "release" mode in production.
 - using env:	export GIN_MODE=release
 - using code:	gin.SetMode(gin.ReleaseMode)

[GIN-debug] GET    /health                   --> github.com/evencycu/TeamsNotifyGoV2/internal/api.NewServer.func2 (6 handlers)
[GIN-debug] POST   /auth/login               --> main.main.func1 (15 handlers)
[GIN-debug] POST   /auth/refresh             --> github.com/evencycu/TeamsNotifyGoV2/internal/api/middleware.(*AuthMiddleware).RefreshToken-fm (15 handlers)
[GIN-debug] POST   /api/v1/companies         --> github.com/evencycu/TeamsNotifyGoV2/internal/api/handlers/companies.(*Handler).CreateCompany-fm (15 handlers)
[GIN-debug] GET    /api/v1/companies         --> github.com/evencycu/TeamsNotifyGoV2/internal/api/handlers/companies.(*Handler).ListCompanies-fm (15 handlers)
[GIN-debug] GET    /api/v1/companies/:id     --> github.com/evencycu/TeamsNotifyGoV2/internal/api/handlers/companies.(*Handler).GetCompany-fm (15 handlers)
[GIN-debug] PUT    /api/v1/companies/:id     --> github.com/evencycu/TeamsNotifyGoV2/internal/api/handlers/companies.(*Handler).UpdateCompany-fm (15 handlers)
[GIN-debug] DELETE /api/v1/companies/:id     --> github.com/evencycu/TeamsNotifyGoV2/internal/api/handlers/companies.(*Handler).DeleteCompany-fm (15 handlers)
[GIN-debug] PATCH  /api/v1/companies/:id/status --> github.com/evencycu/TeamsNotifyGoV2/internal/api/handlers/companies.(*Handler).UpdateCompanyStatus-fm (15 handlers)
[GIN-debug] PATCH  /api/v1/companies/:id/billing --> github.com/evencycu/TeamsNotifyGoV2/internal/api/handlers/companies.(*Handler).UpdateBillingStatus-fm (15 handlers)
[GIN-debug] POST   /api/v1/users             --> github.com/evencycu/TeamsNotifyGoV2/internal/api/handlers/users.(*Handler).CreateUser-fm (15 handlers)
[GIN-debug] GET    /api/v1/users             --> github.com/evencycu/TeamsNotifyGoV2/internal/api/handlers/users.(*Handler).ListUsers-fm (15 handlers)
[GIN-debug] GET    /api/v1/users/:id         --> github.com/evencycu/TeamsNotifyGoV2/internal/api/handlers/users.(*Handler).GetUser-fm (15 handlers)
[GIN-debug] PUT    /api/v1/users/:id         --> github.com/evencycu/TeamsNotifyGoV2/internal/api/handlers/users.(*Handler).UpdateUser-fm (15 handlers)
[GIN-debug] DELETE /api/v1/users/:id         --> github.com/evencycu/TeamsNotifyGoV2/internal/api/handlers/users.(*Handler).DeleteUser-fm (15 handlers)
[GIN-debug] PATCH  /api/v1/users/:id/password --> github.com/evencycu/TeamsNotifyGoV2/internal/api/handlers/users.(*Handler).ChangePassword-fm (15 handlers)
[GIN-debug] PATCH  /api/v1/users/:id/api-key --> github.com/evencycu/TeamsNotifyGoV2/internal/api/handlers/users.(*Handler).GenerateAPIKey-fm (15 handlers)
[GIN-debug] DELETE /api/v1/users/:id/api-key --> github.com/evencycu/TeamsNotifyGoV2/internal/api/handlers/users.(*Handler).RevokeAPIKey-fm (15 handlers)
[GIN-debug] GET    /api/v1/users/company/:companyId --> github.com/evencycu/TeamsNotifyGoV2/internal/api/handlers/users.(*Handler).GetUsersByCompany-fm (15 handlers)
[GIN-debug] GET    /api/v1/users/role/:role  --> github.com/evencycu/TeamsNotifyGoV2/internal/api/handlers/users.(*Handler).GetUsersByRole-fm (15 handlers)
[GIN-debug] POST   /api/v1/projects          --> github.com/evencycu/TeamsNotifyGoV2/internal/api/handlers/projects.(*Handler).CreateProject-fm (15 handlers)
[GIN-debug] GET    /api/v1/projects          --> github.com/evencycu/TeamsNotifyGoV2/internal/api/handlers/projects.(*Handler).ListProjects-fm (15 handlers)
[GIN-debug] GET    /api/v1/projects/:id      --> github.com/evencycu/TeamsNotifyGoV2/internal/api/handlers/projects.(*Handler).GetProject-fm (15 handlers)
[GIN-debug] PUT    /api/v1/projects/:id      --> github.com/evencycu/TeamsNotifyGoV2/internal/api/handlers/projects.(*Handler).UpdateProject-fm (15 handlers)
[GIN-debug] DELETE /api/v1/projects/:id      --> github.com/evencycu/TeamsNotifyGoV2/internal/api/handlers/projects.(*Handler).DeleteProject-fm (15 handlers)
[GIN-debug] PATCH  /api/v1/projects/:id/limits --> github.com/evencycu/TeamsNotifyGoV2/internal/api/handlers/projects.(*Handler).UpdateLimits-fm (15 handlers)
[GIN-debug] GET    /api/v1/projects/company/:companyId --> github.com/evencycu/TeamsNotifyGoV2/internal/api/handlers/projects.(*Handler).GetProjectsByCompany-fm (15 handlers)
[GIN-debug] GET    /api/v1/projects/key/:keyName --> github.com/evencycu/TeamsNotifyGoV2/internal/api/handlers/projects.(*Handler).GetProjectByKeyName-fm (15 handlers)
[GIN-debug] POST   /api/v1/bots/platform     --> github.com/evencycu/TeamsNotifyGoV2/internal/api/handlers/bots.(*Handler).CreatePlatformBot-fm (15 handlers)
[GIN-debug] GET    /api/v1/bots/platform     --> github.com/evencycu/TeamsNotifyGoV2/internal/api/handlers/bots.(*Handler).ListPlatformBots-fm (15 handlers)
[GIN-debug] GET    /api/v1/bots/platform/:id --> github.com/evencycu/TeamsNotifyGoV2/internal/api/handlers/bots.(*Handler).GetPlatformBot-fm (15 handlers)
[GIN-debug] PUT    /api/v1/bots/platform/:id --> github.com/evencycu/TeamsNotifyGoV2/internal/api/handlers/bots.(*Handler).UpdatePlatformBot-fm (15 handlers)
[GIN-debug] DELETE /api/v1/bots/platform/:id --> github.com/evencycu/TeamsNotifyGoV2/internal/api/handlers/bots.(*Handler).DeletePlatformBot-fm (15 handlers)
[GIN-debug] PATCH  /api/v1/bots/platform/:id/status --> github.com/evencycu/TeamsNotifyGoV2/internal/api/handlers/bots.(*Handler).UpdatePlatformBotStatus-fm (15 handlers)
[GIN-debug] PATCH  /api/v1/bots/platform/:id/capabilities --> github.com/evencycu/TeamsNotifyGoV2/internal/api/handlers/bots.(*Handler).UpdatePlatformBotCapabilities-fm (15 handlers)
[GIN-debug] POST   /api/v1/bots/platform/:id/test --> github.com/evencycu/TeamsNotifyGoV2/internal/api/handlers/bots.(*Handler).TestPlatformBotConnection-fm (15 handlers)
[GIN-debug] POST   /api/v1/bots/third-party  --> github.com/evencycu/TeamsNotifyGoV2/internal/api/handlers/bots.(*Handler).CreateThirdPartyBot-fm (15 handlers)
[GIN-debug] GET    /api/v1/bots/third-party  --> github.com/evencycu/TeamsNotifyGoV2/internal/api/handlers/bots.(*Handler).ListThirdPartyBots-fm (15 handlers)
[GIN-debug] GET    /api/v1/bots/third-party/:id --> github.com/evencycu/TeamsNotifyGoV2/internal/api/handlers/bots.(*Handler).GetThirdPartyBot-fm (15 handlers)
[GIN-debug] PUT    /api/v1/bots/third-party/:id --> github.com/evencycu/TeamsNotifyGoV2/internal/api/handlers/bots.(*Handler).UpdateThirdPartyBot-fm (15 handlers)
[GIN-debug] DELETE /api/v1/bots/third-party/:id --> github.com/evencycu/TeamsNotifyGoV2/internal/api/handlers/bots.(*Handler).DeleteThirdPartyBot-fm (15 handlers)
[GIN-debug] PATCH  /api/v1/bots/third-party/:id/status --> github.com/evencycu/TeamsNotifyGoV2/internal/api/handlers/bots.(*Handler).UpdateThirdPartyBotStatus-fm (15 handlers)
[GIN-debug] PATCH  /api/v1/bots/third-party/:id/api-key --> github.com/evencycu/TeamsNotifyGoV2/internal/api/handlers/bots.(*Handler).UpdateThirdPartyBotAPIKey-fm (15 handlers)
[GIN-debug] POST   /api/v1/bots/third-party/:id/test --> github.com/evencycu/TeamsNotifyGoV2/internal/api/handlers/bots.(*Handler).TestThirdPartyBotConnection-fm (15 handlers)
[GIN-debug] GET    /api/v1/bots/company/:companyId --> github.com/evencycu/TeamsNotifyGoV2/internal/api/handlers/bots.(*Handler).GetBotsByCompany-fm (15 handlers)
[GIN-debug] GET    /api/v1/bots/status/:status --> github.com/evencycu/TeamsNotifyGoV2/internal/api/handlers/bots.(*Handler).GetBotsByStatus-fm (15 handlers)
[GIN-debug] POST   /api/v1/destinations      --> github.com/evencycu/TeamsNotifyGoV2/internal/api/handlers/destinations.(*Handler).CreateDestination-fm (15 handlers)
[GIN-debug] GET    /api/v1/destinations      --> github.com/evencycu/TeamsNotifyGoV2/internal/api/handlers/destinations.(*Handler).ListDestinations-fm (15 handlers)
[GIN-debug] GET    /api/v1/destinations/:id  --> github.com/evencycu/TeamsNotifyGoV2/internal/api/handlers/destinations.(*Handler).GetDestination-fm (15 handlers)
[GIN-debug] PUT    /api/v1/destinations/:id  --> github.com/evencycu/TeamsNotifyGoV2/internal/api/handlers/destinations.(*Handler).UpdateDestination-fm (15 handlers)
[GIN-debug] DELETE /api/v1/destinations/:id  --> github.com/evencycu/TeamsNotifyGoV2/internal/api/handlers/destinations.(*Handler).DeleteDestination-fm (15 handlers)
[GIN-debug] PATCH  /api/v1/destinations/:id/targets --> github.com/evencycu/TeamsNotifyGoV2/internal/api/handlers/destinations.(*Handler).UpdateTargets-fm (15 handlers)
[GIN-debug] POST   /api/v1/destinations/:id/validate --> github.com/evencycu/TeamsNotifyGoV2/internal/api/handlers/destinations.(*Handler).ValidateTargets-fm (15 handlers)
[GIN-debug] GET    /api/v1/destinations/project/:projectId --> github.com/evencycu/TeamsNotifyGoV2/internal/api/handlers/destinations.(*Handler).GetDestinationsByProject-fm (15 handlers)
[GIN-debug] GET    /api/v1/destinations/bot/:botId --> github.com/evencycu/TeamsNotifyGoV2/internal/api/handlers/destinations.(*Handler).GetDestinationsByBot-fm (15 handlers)
[GIN-debug] GET    /api/v1/destinations/search --> github.com/evencycu/TeamsNotifyGoV2/internal/api/handlers/destinations.(*Handler).SearchDestinations-fm (15 handlers)
[GIN-debug] POST   /api/v1/notifications     --> github.com/evencycu/TeamsNotifyGoV2/internal/api/handlers/notifications.(*Handler).SendNotification-fm (15 handlers)
[GIN-debug] GET    /api/v1/notifications     --> github.com/evencycu/TeamsNotifyGoV2/internal/api/handlers/notifications.(*Handler).ListNotifications-fm (15 handlers)
[GIN-debug] GET    /api/v1/notifications/:id --> github.com/evencycu/TeamsNotifyGoV2/internal/api/handlers/notifications.(*Handler).GetNotification-fm (15 handlers)
[GIN-debug] POST   /api/v1/notifications/:id/retry --> github.com/evencycu/TeamsNotifyGoV2/internal/api/handlers/notifications.(*Handler).RetryNotification-fm (15 handlers)
[GIN-debug] DELETE /api/v1/notifications/:id --> github.com/evencycu/TeamsNotifyGoV2/internal/api/handlers/notifications.(*Handler).CancelNotification-fm (15 handlers)
[GIN-debug] GET    /api/v1/notifications/project/:projectId --> github.com/evencycu/TeamsNotifyGoV2/internal/api/handlers/notifications.(*Handler).GetNotificationsByProject-fm (15 handlers)
[GIN-debug] GET    /api/v1/notifications/sender/:senderId --> github.com/evencycu/TeamsNotifyGoV2/internal/api/handlers/notifications.(*Handler).GetNotificationsBySender-fm (15 handlers)
[GIN-debug] GET    /api/v1/notifications/status/:status --> github.com/evencycu/TeamsNotifyGoV2/internal/api/handlers/notifications.(*Handler).GetNotificationsByStatus-fm (15 handlers)
[GIN-debug] GET    /api/v1/notifications/date-range --> github.com/evencycu/TeamsNotifyGoV2/internal/api/handlers/notifications.(*Handler).GetNotificationsByDateRange-fm (15 handlers)
{"level":"info","msg":"Starting server on port 8080","time":"2025-09-14T19:34:35+08:00"}
2025/09/14 19:34:35 Starting server on :8080
2025/09/14 19:34:35 Failed to start server: listen tcp :8080: bind: address already in use
exit status 1
